Archive member included to satisfy reference by file (symbol)

c:/program files (x86)/atmel/studio/7.0/toolchain/avr8/avr8-gnu-toolchain/bin/../lib/gcc/avr/5.4.0/avr5\libgcc.a(_exit.o)
                              C:/Program Files (x86)/Atmel/Studio/7.0/Packs/atmel/ATmega_DFP/1.6.364/gcc/dev/atmega32/avr5/crtatmega32.o (exit)
c:/program files (x86)/atmel/studio/7.0/toolchain/avr8/avr8-gnu-toolchain/bin/../lib/gcc/avr/5.4.0/avr5\libgcc.a(_copy_data.o)
                              main.o (__do_copy_data)
c:/program files (x86)/atmel/studio/7.0/toolchain/avr8/avr8-gnu-toolchain/bin/../lib/gcc/avr/5.4.0/avr5\libgcc.a(_clear_bss.o)
                              main.o (__do_clear_bss)
c:/program files (x86)/atmel/studio/7.0/toolchain/avr8/avr8-gnu-toolchain/bin/../lib/gcc/avr/5.4.0/../../../../avr/lib/avr5\libc.a(memcpy.o)
                              RTOS/queue.o (memcpy)

Allocating common symbols
Common symbol       size              file

PB_SEM              0x2               main.o
init_Handle         0x2               main.o

Discarded input sections

 .data          0x00000000        0x0 C:/Program Files (x86)/Atmel/Studio/7.0/Packs/atmel/ATmega_DFP/1.6.364/gcc/dev/atmega32/avr5/crtatmega32.o
 .bss           0x00000000        0x0 C:/Program Files (x86)/Atmel/Studio/7.0/Packs/atmel/ATmega_DFP/1.6.364/gcc/dev/atmega32/avr5/crtatmega32.o
 .text          0x00000000        0x0 HAL/LCD/LCD.o
 .data          0x00000000        0x0 HAL/LCD/LCD.o
 .bss           0x00000000        0x0 HAL/LCD/LCD.o
 .text.LCD_newline
                0x00000000        0x8 HAL/LCD/LCD.o
 .text.LCD_shift_left
                0x00000000        0x8 HAL/LCD/LCD.o
 .text.LCD_shift_right
                0x00000000        0x8 HAL/LCD/LCD.o
 .text.LCD_home
                0x00000000        0x8 HAL/LCD/LCD.o
 .text          0x00000000        0x0 HAL/Push Button/PB.o
 .data          0x00000000        0x0 HAL/Push Button/PB.o
 .bss           0x00000000        0x0 HAL/Push Button/PB.o
 .text          0x00000000        0x0 main.o
 .data          0x00000000        0x0 main.o
 .bss           0x00000000        0x0 main.o
 .text          0x00000000        0x0 MCAL/DIO/DIO.o
 .data          0x00000000        0x0 MCAL/DIO/DIO.o
 .bss           0x00000000        0x0 MCAL/DIO/DIO.o
 .text.DIO_SetPinValue
                0x00000000       0xea MCAL/DIO/DIO.o
 .text.DIO_TogglePinValue
                0x00000000       0x68 MCAL/DIO/DIO.o
 .text.DIO_GetPortValue
                0x00000000       0x24 MCAL/DIO/DIO.o
 .text          0x00000000        0x0 RTOS/croutine.o
 .data          0x00000000        0x0 RTOS/croutine.o
 .bss           0x00000000        0x0 RTOS/croutine.o
 .text.prvInitialiseCoRoutineLists
                0x00000000       0x5e RTOS/croutine.o
 .text.prvCheckPendingReadyList
                0x00000000       0x6c RTOS/croutine.o
 .text.prvCheckDelayedList
                0x00000000      0x106 RTOS/croutine.o
 .text.xCoRoutineCreate
                0x00000000       0xba RTOS/croutine.o
 .text.vCoRoutineAddToDelayedList
                0x00000000       0x86 RTOS/croutine.o
 .text.vCoRoutineSchedule
                0x00000000       0xbe RTOS/croutine.o
 .text.xCoRoutineRemoveFromEventList
                0x00000000       0x4c RTOS/croutine.o
 .bss.xPassedTicks
                0x00000000        0x2 RTOS/croutine.o
 .bss.xLastTickCount
                0x00000000        0x2 RTOS/croutine.o
 .bss.xCoRoutineTickCount
                0x00000000        0x2 RTOS/croutine.o
 .bss.uxTopCoRoutineReadyPriority
                0x00000000        0x1 RTOS/croutine.o
 .bss.pxCurrentCoRoutine
                0x00000000        0x2 RTOS/croutine.o
 .bss.xPendingReadyCoRoutineList
                0x00000000        0x9 RTOS/croutine.o
 .bss.pxOverflowDelayedCoRoutineList
                0x00000000        0x2 RTOS/croutine.o
 .bss.pxDelayedCoRoutineList
                0x00000000        0x2 RTOS/croutine.o
 .bss.xDelayedCoRoutineList2
                0x00000000        0x9 RTOS/croutine.o
 .bss.xDelayedCoRoutineList1
                0x00000000        0x9 RTOS/croutine.o
 .bss.pxReadyCoRoutineLists
                0x00000000       0x12 RTOS/croutine.o
 .debug_info    0x00000000      0x72d RTOS/croutine.o
 .debug_abbrev  0x00000000      0x205 RTOS/croutine.o
 .debug_loc     0x00000000      0x3f0 RTOS/croutine.o
 .debug_aranges
                0x00000000       0x50 RTOS/croutine.o
 .debug_ranges  0x00000000       0x40 RTOS/croutine.o
 .debug_line    0x00000000      0x3ae RTOS/croutine.o
 .debug_str     0x00000000      0x532 RTOS/croutine.o
 .comment       0x00000000       0x31 RTOS/croutine.o
 .debug_frame   0x00000000      0x100 RTOS/croutine.o
 .text          0x00000000        0x0 RTOS/event_groups.o
 .data          0x00000000        0x0 RTOS/event_groups.o
 .bss           0x00000000        0x0 RTOS/event_groups.o
 .text.prvTestWaitCondition
                0x00000000       0x26 RTOS/event_groups.o
 .text.xEventGroupCreate
                0x00000000       0x26 RTOS/event_groups.o
 .text.xEventGroupWaitBits
                0x00000000       0xe4 RTOS/event_groups.o
 .text.xEventGroupClearBits
                0x00000000       0x1e RTOS/event_groups.o
 .text.xEventGroupGetBitsFromISR
                0x00000000        0x8 RTOS/event_groups.o
 .text.xEventGroupSetBits
                0x00000000       0xc8 RTOS/event_groups.o
 .text.xEventGroupSync
                0x00000000       0xd6 RTOS/event_groups.o
 .text.vEventGroupDelete
                0x00000000       0x2e RTOS/event_groups.o
 .text.vEventGroupSetBitsCallback
                0x00000000        0x8 RTOS/event_groups.o
 .text.vEventGroupClearBitsCallback
                0x00000000        0x8 RTOS/event_groups.o
 .debug_info    0x00000000      0x8df RTOS/event_groups.o
 .debug_abbrev  0x00000000      0x1dc RTOS/event_groups.o
 .debug_loc     0x00000000      0xb41 RTOS/event_groups.o
 .debug_aranges
                0x00000000       0x68 RTOS/event_groups.o
 .debug_ranges  0x00000000       0x70 RTOS/event_groups.o
 .debug_line    0x00000000      0x3ff RTOS/event_groups.o
 .debug_str     0x00000000      0x57c RTOS/event_groups.o
 .comment       0x00000000       0x31 RTOS/event_groups.o
 .debug_frame   0x00000000      0x15c RTOS/event_groups.o
 .text          0x00000000        0x0 RTOS/heap_4.o
 .data          0x00000000        0x0 RTOS/heap_4.o
 .bss           0x00000000        0x0 RTOS/heap_4.o
 .text.xPortGetFreeHeapSize
                0x00000000        0xa RTOS/heap_4.o
 .text.xPortGetMinimumEverFreeHeapSize
                0x00000000        0xa RTOS/heap_4.o
 .text.vPortInitialiseBlocks
                0x00000000        0x2 RTOS/heap_4.o
 .text.vPortGetHeapStats
                0x00000000       0xc4 RTOS/heap_4.o
 .text          0x00000000        0x0 RTOS/list.o
 .data          0x00000000        0x0 RTOS/list.o
 .bss           0x00000000        0x0 RTOS/list.o
 .text          0x00000000        0x0 RTOS/port.o
 .data          0x00000000        0x0 RTOS/port.o
 .bss           0x00000000        0x0 RTOS/port.o
 .text.vPortEndScheduler
                0x00000000        0x2 RTOS/port.o
 .text          0x00000000        0x0 RTOS/queue.o
 .data          0x00000000        0x0 RTOS/queue.o
 .bss           0x00000000        0x0 RTOS/queue.o
 .text.prvCopyDataFromQueue
                0x00000000       0x34 RTOS/queue.o
 .text.prvInitialiseMutex
                0x00000000       0x20 RTOS/queue.o
 .text.xQueueCreateMutex
                0x00000000       0x1c RTOS/queue.o
 .text.xQueueGenericSendFromISR
                0x00000000       0x78 RTOS/queue.o
 .text.xQueueGiveFromISR
                0x00000000       0x52 RTOS/queue.o
 .text.xQueueReceive
                0x00000000      0x11e RTOS/queue.o
 .text.xQueuePeek
                0x00000000      0x122 RTOS/queue.o
 .text.xQueueReceiveFromISR
                0x00000000       0x6e RTOS/queue.o
 .text.xQueuePeekFromISR
                0x00000000       0x2e RTOS/queue.o
 .text.uxQueueMessagesWaiting
                0x00000000       0x10 RTOS/queue.o
 .text.uxQueueSpacesAvailable
                0x00000000       0x16 RTOS/queue.o
 .text.uxQueueMessagesWaitingFromISR
                0x00000000        0x6 RTOS/queue.o
 .text.vQueueDelete
                0x00000000        0x6 RTOS/queue.o
 .text.xQueueIsQueueEmptyFromISR
                0x00000000       0x10 RTOS/queue.o
 .text.xQueueIsQueueFullFromISR
                0x00000000       0x12 RTOS/queue.o
 .text.xQueueCRSend
                0x00000000       0x80 RTOS/queue.o
 .text.xQueueCRReceive
                0x00000000       0x92 RTOS/queue.o
 .text.xQueueCRSendFromISR
                0x00000000       0x4c RTOS/queue.o
 .text.xQueueCRReceiveFromISR
                0x00000000       0x82 RTOS/queue.o
 .text          0x00000000        0x0 RTOS/stream_buffer.o
 .data          0x00000000        0x0 RTOS/stream_buffer.o
 .bss           0x00000000        0x0 RTOS/stream_buffer.o
 .text.prvBytesInBuffer
                0x00000000       0x26 RTOS/stream_buffer.o
 .text.prvInitialiseNewStreamBuffer
                0x00000000       0x20 RTOS/stream_buffer.o
 .text.prvWriteBytesToBuffer
                0x00000000       0x92 RTOS/stream_buffer.o
 .text.prvWriteMessageToBuffer
                0x00000000       0x8a RTOS/stream_buffer.o
 .text.prvReadBytesFromBuffer
                0x00000000       0xa0 RTOS/stream_buffer.o
 .text.prvReadMessageFromBuffer
                0x00000000       0x8c RTOS/stream_buffer.o
 .text.xStreamBufferGenericCreate
                0x00000000       0x68 RTOS/stream_buffer.o
 .text.vStreamBufferDelete
                0x00000000       0x1a RTOS/stream_buffer.o
 .text.xStreamBufferReset
                0x00000000       0x3e RTOS/stream_buffer.o
 .text.xStreamBufferSetTriggerLevel
                0x00000000       0x22 RTOS/stream_buffer.o
 .text.xStreamBufferSpacesAvailable
                0x00000000       0x24 RTOS/stream_buffer.o
 .text.xStreamBufferBytesAvailable
                0x00000000        0x6 RTOS/stream_buffer.o
 .text.xStreamBufferSend
                0x00000000      0x174 RTOS/stream_buffer.o
 .text.xStreamBufferSendFromISR
                0x00000000       0x8e RTOS/stream_buffer.o
 .text.xStreamBufferReceive
                0x00000000      0x104 RTOS/stream_buffer.o
 .text.xStreamBufferNextMessageLengthBytes
                0x00000000       0x66 RTOS/stream_buffer.o
 .text.xStreamBufferReceiveFromISR
                0x00000000       0x8a RTOS/stream_buffer.o
 .text.xStreamBufferIsEmpty
                0x00000000       0x18 RTOS/stream_buffer.o
 .text.xStreamBufferIsFull
                0x00000000       0x2c RTOS/stream_buffer.o
 .text.xStreamBufferSendCompletedFromISR
                0x00000000       0x4c RTOS/stream_buffer.o
 .text.xStreamBufferReceiveCompletedFromISR
                0x00000000       0x4c RTOS/stream_buffer.o
 .debug_info    0x00000000     0x132b RTOS/stream_buffer.o
 .debug_abbrev  0x00000000      0x22a RTOS/stream_buffer.o
 .debug_loc     0x00000000     0x1c54 RTOS/stream_buffer.o
 .debug_aranges
                0x00000000       0xc0 RTOS/stream_buffer.o
 .debug_ranges  0x00000000       0xb0 RTOS/stream_buffer.o
 .debug_line    0x00000000      0x792 RTOS/stream_buffer.o
 .debug_str     0x00000000      0x7b4 RTOS/stream_buffer.o
 .comment       0x00000000       0x31 RTOS/stream_buffer.o
 .debug_frame   0x00000000      0x404 RTOS/stream_buffer.o
 .text          0x00000000        0x0 RTOS/tasks.o
 .data          0x00000000        0x0 RTOS/tasks.o
 .bss           0x00000000        0x0 RTOS/tasks.o
 .text.vTaskEndScheduler
                0x00000000        0xc RTOS/tasks.o
 .text.xTaskGetTickCount
                0x00000000       0x14 RTOS/tasks.o
 .text.xTaskGetTickCountFromISR
                0x00000000        0xa RTOS/tasks.o
 .text.uxTaskGetNumberOfTasks
                0x00000000        0x6 RTOS/tasks.o
 .text.pcTaskGetName
                0x00000000       0x10 RTOS/tasks.o
 .text.xTaskDelayUntil
                0x00000000       0x84 RTOS/tasks.o
 .text.vTaskDelay
                0x00000000       0x2c RTOS/tasks.o
 .text.xTaskCatchUpTicks
                0x00000000       0x28 RTOS/tasks.o
 .text.vTaskPlaceOnUnorderedEventList
                0x00000000       0x32 RTOS/tasks.o
 .text.vTaskRemoveFromUnorderedEventList
                0x00000000       0x70 RTOS/tasks.o
 .text.vTaskSetTimeOutState
                0x00000000       0x20 RTOS/tasks.o
 .text.xTaskGetCurrentTaskHandle
                0x00000000        0xa RTOS/tasks.o
 .text.uxTaskResetEventItemValue
                0x00000000       0x2e RTOS/tasks.o
 .text.ulTaskGenericNotifyTake
                0x00000000      0x106 RTOS/tasks.o
 .text.xTaskGenericNotifyWait
                0x00000000      0x142 RTOS/tasks.o
 .text.xTaskGenericNotify
                0x00000000      0x168 RTOS/tasks.o
 .text.xTaskGenericNotifyFromISR
                0x00000000      0x18c RTOS/tasks.o
 .text.vTaskGenericNotifyGiveFromISR
                0x00000000       0xd0 RTOS/tasks.o
 .text.xTaskGenericNotifyStateClear
                0x00000000       0x34 RTOS/tasks.o
 .text.ulTaskGenericNotifyValueClear
                0x00000000       0x6c RTOS/tasks.o
 .text          0x00000000        0x0 RTOS/timers.o
 .data          0x00000000        0x0 RTOS/timers.o
 .bss           0x00000000        0x0 RTOS/timers.o
 .debug_info    0x00000000       0x64 RTOS/timers.o
 .debug_abbrev  0x00000000       0x26 RTOS/timers.o
 .debug_aranges
                0x00000000       0x18 RTOS/timers.o
 .debug_line    0x00000000       0x1a RTOS/timers.o
 .debug_str     0x00000000      0x166 RTOS/timers.o
 .comment       0x00000000       0x31 RTOS/timers.o
 .text          0x00000000        0x0 c:/program files (x86)/atmel/studio/7.0/toolchain/avr8/avr8-gnu-toolchain/bin/../lib/gcc/avr/5.4.0/avr5\libgcc.a(_exit.o)
 .data          0x00000000        0x0 c:/program files (x86)/atmel/studio/7.0/toolchain/avr8/avr8-gnu-toolchain/bin/../lib/gcc/avr/5.4.0/avr5\libgcc.a(_exit.o)
 .bss           0x00000000        0x0 c:/program files (x86)/atmel/studio/7.0/toolchain/avr8/avr8-gnu-toolchain/bin/../lib/gcc/avr/5.4.0/avr5\libgcc.a(_exit.o)
 .text.libgcc.mul
                0x00000000        0x0 c:/program files (x86)/atmel/studio/7.0/toolchain/avr8/avr8-gnu-toolchain/bin/../lib/gcc/avr/5.4.0/avr5\libgcc.a(_exit.o)
 .text.libgcc.div
                0x00000000        0x0 c:/program files (x86)/atmel/studio/7.0/toolchain/avr8/avr8-gnu-toolchain/bin/../lib/gcc/avr/5.4.0/avr5\libgcc.a(_exit.o)
 .text.libgcc   0x00000000        0x0 c:/program files (x86)/atmel/studio/7.0/toolchain/avr8/avr8-gnu-toolchain/bin/../lib/gcc/avr/5.4.0/avr5\libgcc.a(_exit.o)
 .text.libgcc.prologue
                0x00000000        0x0 c:/program files (x86)/atmel/studio/7.0/toolchain/avr8/avr8-gnu-toolchain/bin/../lib/gcc/avr/5.4.0/avr5\libgcc.a(_exit.o)
 .text.libgcc.builtins
                0x00000000        0x0 c:/program files (x86)/atmel/studio/7.0/toolchain/avr8/avr8-gnu-toolchain/bin/../lib/gcc/avr/5.4.0/avr5\libgcc.a(_exit.o)
 .text.libgcc.fmul
                0x00000000        0x0 c:/program files (x86)/atmel/studio/7.0/toolchain/avr8/avr8-gnu-toolchain/bin/../lib/gcc/avr/5.4.0/avr5\libgcc.a(_exit.o)
 .text.libgcc.fixed
                0x00000000        0x0 c:/program files (x86)/atmel/studio/7.0/toolchain/avr8/avr8-gnu-toolchain/bin/../lib/gcc/avr/5.4.0/avr5\libgcc.a(_exit.o)
 .text          0x00000000        0x0 c:/program files (x86)/atmel/studio/7.0/toolchain/avr8/avr8-gnu-toolchain/bin/../lib/gcc/avr/5.4.0/avr5\libgcc.a(_copy_data.o)
 .data          0x00000000        0x0 c:/program files (x86)/atmel/studio/7.0/toolchain/avr8/avr8-gnu-toolchain/bin/../lib/gcc/avr/5.4.0/avr5\libgcc.a(_copy_data.o)
 .bss           0x00000000        0x0 c:/program files (x86)/atmel/studio/7.0/toolchain/avr8/avr8-gnu-toolchain/bin/../lib/gcc/avr/5.4.0/avr5\libgcc.a(_copy_data.o)
 .text.libgcc.mul
                0x00000000        0x0 c:/program files (x86)/atmel/studio/7.0/toolchain/avr8/avr8-gnu-toolchain/bin/../lib/gcc/avr/5.4.0/avr5\libgcc.a(_copy_data.o)
 .text.libgcc.div
                0x00000000        0x0 c:/program files (x86)/atmel/studio/7.0/toolchain/avr8/avr8-gnu-toolchain/bin/../lib/gcc/avr/5.4.0/avr5\libgcc.a(_copy_data.o)
 .text.libgcc   0x00000000        0x0 c:/program files (x86)/atmel/studio/7.0/toolchain/avr8/avr8-gnu-toolchain/bin/../lib/gcc/avr/5.4.0/avr5\libgcc.a(_copy_data.o)
 .text.libgcc.prologue
                0x00000000        0x0 c:/program files (x86)/atmel/studio/7.0/toolchain/avr8/avr8-gnu-toolchain/bin/../lib/gcc/avr/5.4.0/avr5\libgcc.a(_copy_data.o)
 .text.libgcc.builtins
                0x00000000        0x0 c:/program files (x86)/atmel/studio/7.0/toolchain/avr8/avr8-gnu-toolchain/bin/../lib/gcc/avr/5.4.0/avr5\libgcc.a(_copy_data.o)
 .text.libgcc.fmul
                0x00000000        0x0 c:/program files (x86)/atmel/studio/7.0/toolchain/avr8/avr8-gnu-toolchain/bin/../lib/gcc/avr/5.4.0/avr5\libgcc.a(_copy_data.o)
 .text.libgcc.fixed
                0x00000000        0x0 c:/program files (x86)/atmel/studio/7.0/toolchain/avr8/avr8-gnu-toolchain/bin/../lib/gcc/avr/5.4.0/avr5\libgcc.a(_copy_data.o)
 .text          0x00000000        0x0 c:/program files (x86)/atmel/studio/7.0/toolchain/avr8/avr8-gnu-toolchain/bin/../lib/gcc/avr/5.4.0/avr5\libgcc.a(_clear_bss.o)
 .data          0x00000000        0x0 c:/program files (x86)/atmel/studio/7.0/toolchain/avr8/avr8-gnu-toolchain/bin/../lib/gcc/avr/5.4.0/avr5\libgcc.a(_clear_bss.o)
 .bss           0x00000000        0x0 c:/program files (x86)/atmel/studio/7.0/toolchain/avr8/avr8-gnu-toolchain/bin/../lib/gcc/avr/5.4.0/avr5\libgcc.a(_clear_bss.o)
 .text.libgcc.mul
                0x00000000        0x0 c:/program files (x86)/atmel/studio/7.0/toolchain/avr8/avr8-gnu-toolchain/bin/../lib/gcc/avr/5.4.0/avr5\libgcc.a(_clear_bss.o)
 .text.libgcc.div
                0x00000000        0x0 c:/program files (x86)/atmel/studio/7.0/toolchain/avr8/avr8-gnu-toolchain/bin/../lib/gcc/avr/5.4.0/avr5\libgcc.a(_clear_bss.o)
 .text.libgcc   0x00000000        0x0 c:/program files (x86)/atmel/studio/7.0/toolchain/avr8/avr8-gnu-toolchain/bin/../lib/gcc/avr/5.4.0/avr5\libgcc.a(_clear_bss.o)
 .text.libgcc.prologue
                0x00000000        0x0 c:/program files (x86)/atmel/studio/7.0/toolchain/avr8/avr8-gnu-toolchain/bin/../lib/gcc/avr/5.4.0/avr5\libgcc.a(_clear_bss.o)
 .text.libgcc.builtins
                0x00000000        0x0 c:/program files (x86)/atmel/studio/7.0/toolchain/avr8/avr8-gnu-toolchain/bin/../lib/gcc/avr/5.4.0/avr5\libgcc.a(_clear_bss.o)
 .text.libgcc.fmul
                0x00000000        0x0 c:/program files (x86)/atmel/studio/7.0/toolchain/avr8/avr8-gnu-toolchain/bin/../lib/gcc/avr/5.4.0/avr5\libgcc.a(_clear_bss.o)
 .text.libgcc.fixed
                0x00000000        0x0 c:/program files (x86)/atmel/studio/7.0/toolchain/avr8/avr8-gnu-toolchain/bin/../lib/gcc/avr/5.4.0/avr5\libgcc.a(_clear_bss.o)
 .text          0x00000000        0x0 c:/program files (x86)/atmel/studio/7.0/toolchain/avr8/avr8-gnu-toolchain/bin/../lib/gcc/avr/5.4.0/../../../../avr/lib/avr5\libc.a(memcpy.o)
 .data          0x00000000        0x0 c:/program files (x86)/atmel/studio/7.0/toolchain/avr8/avr8-gnu-toolchain/bin/../lib/gcc/avr/5.4.0/../../../../avr/lib/avr5\libc.a(memcpy.o)
 .bss           0x00000000        0x0 c:/program files (x86)/atmel/studio/7.0/toolchain/avr8/avr8-gnu-toolchain/bin/../lib/gcc/avr/5.4.0/../../../../avr/lib/avr5\libc.a(memcpy.o)

Memory Configuration

Name             Origin             Length             Attributes
text             0x00000000         0x00008000         xr
data             0x00800060         0x00000800         rw !x
eeprom           0x00810000         0x00000400         rw !x
fuse             0x00820000         0x00000002         rw !x
lock             0x00830000         0x00000400         rw !x
signature        0x00840000         0x00000400         rw !x
user_signatures  0x00850000         0x00000400         rw !x
*default*        0x00000000         0xffffffff

Linker script and memory map

LOAD C:/Program Files (x86)/Atmel/Studio/7.0/Packs/atmel/ATmega_DFP/1.6.364/gcc/dev/atmega32/avr5/crtatmega32.o
LOAD HAL/LCD/LCD.o
LOAD HAL/Push Button/PB.o
LOAD main.o
LOAD MCAL/DIO/DIO.o
LOAD RTOS/croutine.o
LOAD RTOS/event_groups.o
LOAD RTOS/heap_4.o
LOAD RTOS/list.o
LOAD RTOS/port.o
LOAD RTOS/queue.o
LOAD RTOS/stream_buffer.o
LOAD RTOS/tasks.o
LOAD RTOS/timers.o
START GROUP
LOAD c:/program files (x86)/atmel/studio/7.0/toolchain/avr8/avr8-gnu-toolchain/bin/../lib/gcc/avr/5.4.0/../../../../avr/lib/avr5\libm.a
END GROUP
START GROUP
LOAD c:/program files (x86)/atmel/studio/7.0/toolchain/avr8/avr8-gnu-toolchain/bin/../lib/gcc/avr/5.4.0/avr5\libgcc.a
LOAD c:/program files (x86)/atmel/studio/7.0/toolchain/avr8/avr8-gnu-toolchain/bin/../lib/gcc/avr/5.4.0/../../../../avr/lib/avr5\libm.a
LOAD c:/program files (x86)/atmel/studio/7.0/toolchain/avr8/avr8-gnu-toolchain/bin/../lib/gcc/avr/5.4.0/../../../../avr/lib/avr5\libc.a
LOAD C:/Program Files (x86)/Atmel/Studio/7.0/Packs/atmel/ATmega_DFP/1.6.364/gcc/dev/atmega32/avr5\libatmega32.a
END GROUP
                0x00000000                __TEXT_REGION_ORIGIN__ = DEFINED (__TEXT_REGION_ORIGIN__)?__TEXT_REGION_ORIGIN__:0x0
                [0x00800060]                __DATA_REGION_ORIGIN__ = DEFINED (__DATA_REGION_ORIGIN__)?__DATA_REGION_ORIGIN__:0x800060
                [0x00008000]                __TEXT_REGION_LENGTH__ = DEFINED (__TEXT_REGION_LENGTH__)?__TEXT_REGION_LENGTH__:0x20000
                [0x00000800]                __DATA_REGION_LENGTH__ = DEFINED (__DATA_REGION_LENGTH__)?__DATA_REGION_LENGTH__:0xffa0
                [0x00000400]                __EEPROM_REGION_LENGTH__ = DEFINED (__EEPROM_REGION_LENGTH__)?__EEPROM_REGION_LENGTH__:0x10000
                [0x00000002]                __FUSE_REGION_LENGTH__ = DEFINED (__FUSE_REGION_LENGTH__)?__FUSE_REGION_LENGTH__:0x400
                0x00000400                __LOCK_REGION_LENGTH__ = DEFINED (__LOCK_REGION_LENGTH__)?__LOCK_REGION_LENGTH__:0x400
                0x00000400                __SIGNATURE_REGION_LENGTH__ = DEFINED (__SIGNATURE_REGION_LENGTH__)?__SIGNATURE_REGION_LENGTH__:0x400
                0x00000400                __USER_SIGNATURE_REGION_LENGTH__ = DEFINED (__USER_SIGNATURE_REGION_LENGTH__)?__USER_SIGNATURE_REGION_LENGTH__:0x400

.hash
 *(.hash)

.dynsym
 *(.dynsym)

.dynstr
 *(.dynstr)

.gnu.version
 *(.gnu.version)

.gnu.version_d
 *(.gnu.version_d)

.gnu.version_r
 *(.gnu.version_r)

.rel.init
 *(.rel.init)

.rela.init
 *(.rela.init)

.rel.text
 *(.rel.text)
 *(.rel.text.*)
 *(.rel.gnu.linkonce.t*)

.rela.text
 *(.rela.text)
 *(.rela.text.*)
 *(.rela.gnu.linkonce.t*)

.rel.fini
 *(.rel.fini)

.rela.fini
 *(.rela.fini)

.rel.rodata
 *(.rel.rodata)
 *(.rel.rodata.*)
 *(.rel.gnu.linkonce.r*)

.rela.rodata
 *(.rela.rodata)
 *(.rela.rodata.*)
 *(.rela.gnu.linkonce.r*)

.rel.data
 *(.rel.data)
 *(.rel.data.*)
 *(.rel.gnu.linkonce.d*)

.rela.data
 *(.rela.data)
 *(.rela.data.*)
 *(.rela.gnu.linkonce.d*)

.rel.ctors
 *(.rel.ctors)

.rela.ctors
 *(.rela.ctors)

.rel.dtors
 *(.rel.dtors)

.rela.dtors
 *(.rela.dtors)

.rel.got
 *(.rel.got)

.rela.got
 *(.rela.got)

.rel.bss
 *(.rel.bss)

.rela.bss
 *(.rela.bss)

.rel.plt
 *(.rel.plt)

.rela.plt
 *(.rela.plt)

.text           0x00000000     0x1ba8
 *(.vectors)
 .vectors       0x00000000       0x54 C:/Program Files (x86)/Atmel/Studio/7.0/Packs/atmel/ATmega_DFP/1.6.364/gcc/dev/atmega32/avr5/crtatmega32.o
                0x00000000                __vector_default
                0x00000000                __vectors
 *(.vectors)
 *(.progmem.gcc*)
                0x00000054                . = ALIGN (0x2)
                0x00000054                __trampolines_start = .
 *(.trampolines)
 .trampolines   0x00000054        0x0 linker stubs
 *(.trampolines*)
                0x00000054                __trampolines_end = .
 *libprintf_flt.a:*(.progmem.data)
 *libc.a:*(.progmem.data)
 *(.progmem*)
                0x00000054                . = ALIGN (0x2)
 *(.jumptables)
 *(.jumptables*)
 *(.lowtext)
 *(.lowtext*)
                0x00000054                __ctors_start = .
 *(.ctors)
                0x00000054                __ctors_end = .
                0x00000054                __dtors_start = .
 *(.dtors)
                0x00000054                __dtors_end = .
 SORT(*)(.ctors)
 SORT(*)(.dtors)
 *(.init0)
 .init0         0x00000054        0x0 C:/Program Files (x86)/Atmel/Studio/7.0/Packs/atmel/ATmega_DFP/1.6.364/gcc/dev/atmega32/avr5/crtatmega32.o
                0x00000054                __init
 *(.init0)
 *(.init1)
 *(.init1)
 *(.init2)
 .init2         0x00000054        0xc C:/Program Files (x86)/Atmel/Studio/7.0/Packs/atmel/ATmega_DFP/1.6.364/gcc/dev/atmega32/avr5/crtatmega32.o
 *(.init2)
 *(.init3)
 *(.init3)
 *(.init4)
 .init4         0x00000060       0x16 c:/program files (x86)/atmel/studio/7.0/toolchain/avr8/avr8-gnu-toolchain/bin/../lib/gcc/avr/5.4.0/avr5\libgcc.a(_copy_data.o)
                0x00000060                __do_copy_data
 .init4         0x00000076       0x10 c:/program files (x86)/atmel/studio/7.0/toolchain/avr8/avr8-gnu-toolchain/bin/../lib/gcc/avr/5.4.0/avr5\libgcc.a(_clear_bss.o)
                0x00000076                __do_clear_bss
 *(.init4)
 *(.init5)
 *(.init5)
 *(.init6)
 *(.init6)
 *(.init7)
 *(.init7)
 *(.init8)
 *(.init8)
 *(.init9)
 .init9         0x00000086        0x8 C:/Program Files (x86)/Atmel/Studio/7.0/Packs/atmel/ATmega_DFP/1.6.364/gcc/dev/atmega32/avr5/crtatmega32.o
 *(.init9)
 *(.text)
 .text          0x0000008e        0x4 C:/Program Files (x86)/Atmel/Studio/7.0/Packs/atmel/ATmega_DFP/1.6.364/gcc/dev/atmega32/avr5/crtatmega32.o
                0x0000008e                __vector_1
                0x0000008e                __vector_12
                0x0000008e                __bad_interrupt
                0x0000008e                __vector_6
                0x0000008e                __vector_3
                0x0000008e                __vector_11
                0x0000008e                __vector_13
                0x0000008e                __vector_17
                0x0000008e                __vector_19
                0x0000008e                __vector_5
                0x0000008e                __vector_4
                0x0000008e                __vector_9
                0x0000008e                __vector_2
                0x0000008e                __vector_15
                0x0000008e                __vector_8
                0x0000008e                __vector_14
                0x0000008e                __vector_10
                0x0000008e                __vector_16
                0x0000008e                __vector_18
                0x0000008e                __vector_20
                0x00000092                . = ALIGN (0x2)
 *(.text.*)
 .text.LCD_send_cmd
                0x00000092       0x66 HAL/LCD/LCD.o
                0x00000092                LCD_send_cmd
 .text.LCD_init
                0x000000f8       0x42 HAL/LCD/LCD.o
                0x000000f8                LCD_init
 .text.LCD_send_char
                0x0000013a       0x66 HAL/LCD/LCD.o
                0x0000013a                LCD_send_char
 .text.LCD_send_str
                0x000001a0       0x2c HAL/LCD/LCD.o
                0x000001a0                LCD_send_str
 .text.LCD_clear
                0x000001cc        0x8 HAL/LCD/LCD.o
                0x000001cc                LCD_clear
 .text.PB_init  0x000001d4        0x8 HAL/Push Button/PB.o
                0x000001d4                PB_init
 .text.PB_read  0x000001dc        0x6 HAL/Push Button/PB.o
                0x000001dc                PB_read
 .text.Init_task
                0x000001e2       0x1a main.o
                0x000001e2                Init_task
 .text.LCD_task
                0x000001fc       0x38 main.o
                0x000001fc                LCD_task
 .text.PB_task  0x00000234       0x24 main.o
                0x00000234                PB_task
 .text.main     0x00000258       0x78 main.o
                0x00000258                main
 .text.DIO_SetPinDirection
                0x000002d0       0xea MCAL/DIO/DIO.o
                0x000002d0                DIO_SetPinDirection
 .text.DIO_SetPortDirection
                0x000003ba       0x58 MCAL/DIO/DIO.o
                0x000003ba                DIO_SetPortDirection
 .text.DIO_SetPortValue
                0x00000412       0x20 MCAL/DIO/DIO.o
                0x00000412                DIO_SetPortValue
 .text.DIO_GetPinValue
                0x00000432       0x5c MCAL/DIO/DIO.o
                0x00000432                DIO_GetPinValue
 .text.prvHeapInit
                0x0000048e       0x52 RTOS/heap_4.o
 .text.prvInsertBlockIntoFreeList
                0x000004e0       0x94 RTOS/heap_4.o
 .text.pvPortMalloc
                0x00000574      0x14c RTOS/heap_4.o
                0x00000574                pvPortMalloc
 .text.vPortFree
                0x000006c0       0x7c RTOS/heap_4.o
                0x000006c0                vPortFree
 .text.vListInitialise
                0x0000073c       0x1c RTOS/list.o
                0x0000073c                vListInitialise
 .text.vListInitialiseItem
                0x00000758        0x8 RTOS/list.o
                0x00000758                vListInitialiseItem
 .text.vListInsertEnd
                0x00000760       0x42 RTOS/list.o
                0x00000760                vListInsertEnd
 .text.vListInsert
                0x000007a2       0x62 RTOS/list.o
                0x000007a2                vListInsert
 .text.uxListRemove
                0x00000804       0x4e RTOS/list.o
                0x00000804                uxListRemove
 .text.prvSetupTimerInterrupt
                0x00000852       0x12 RTOS/port.o
 .text.pxPortInitialiseStack
                0x00000864       0xd8 RTOS/port.o
                0x00000864                pxPortInitialiseStack
 .text.xPortStartScheduler
                0x0000093c       0x5e RTOS/port.o
                0x0000093c                xPortStartScheduler
 .text.vPortYield
                0x0000099a       0xb2 RTOS/port.o
                0x0000099a                vPortYield
 .text.vPortYieldFromTick
                0x00000a4c       0xb8 RTOS/port.o
                0x00000a4c                vPortYieldFromTick
 .text.__vector_7
                0x00000b04        0x6 RTOS/port.o
                0x00000b04                __vector_7
 .text.prvGetDisinheritPriorityAfterTimeout
                0x00000b0a       0x20 RTOS/queue.o
 .text.prvIsQueueEmpty
                0x00000b2a       0x1a RTOS/queue.o
 .text.prvIsQueueFull
                0x00000b44       0x1c RTOS/queue.o
 .text.prvCopyDataToQueue
                0x00000b60       0xbe RTOS/queue.o
 .text.prvUnlockQueue
                0x00000c1e       0x68 RTOS/queue.o
 .text.xQueueGenericReset
                0x00000c86       0x8c RTOS/queue.o
                0x00000c86                xQueueGenericReset
 .text.prvInitialiseNewQueue
                0x00000d12       0x26 RTOS/queue.o
 .text.xQueueGenericCreate
                0x00000d38       0x4a RTOS/queue.o
                0x00000d38                xQueueGenericCreate
 .text.xQueueCreateCountingSemaphore
                0x00000d82       0x18 RTOS/queue.o
                0x00000d82                xQueueCreateCountingSemaphore
 .text.xQueueGenericSend
                0x00000d9a      0x124 RTOS/queue.o
                0x00000d9a                xQueueGenericSend
 .text.xQueueSemaphoreTake
                0x00000ebe      0x162 RTOS/queue.o
                0x00000ebe                xQueueSemaphoreTake
 .text.prvResetNextTaskUnblockTime
                0x00001020       0x38 RTOS/tasks.o
 .text.prvDeleteTCB
                0x00001058       0x1a RTOS/tasks.o
 .text.prvInitialiseNewTask
                0x00001072      0x100 RTOS/tasks.o
 .text.prvInitialiseTaskLists
                0x00001172       0x66 RTOS/tasks.o
 .text.prvAddNewTaskToReadyList
                0x000011d8       0xb8 RTOS/tasks.o
 .text.prvCheckTasksWaitingTermination
                0x00001290       0x4c RTOS/tasks.o
 .text.prvIdleTask
                0x000012dc       0x12 RTOS/tasks.o
 .text.prvAddCurrentTaskToDelayedList
                0x000012ee       0x88 RTOS/tasks.o
 .text.xTaskCreate
                0x00001376       0xa8 RTOS/tasks.o
                0x00001376                xTaskCreate
 .text.vTaskDelete
                0x0000141e       0xa2 RTOS/tasks.o
                0x0000141e                vTaskDelete
 .text.vTaskStartScheduler
                0x000014c0       0x58 RTOS/tasks.o
                0x000014c0                vTaskStartScheduler
 .text.vTaskSuspendAll
                0x00001518        0xc RTOS/tasks.o
                0x00001518                vTaskSuspendAll
 .text.xTaskIncrementTick
                0x00001524      0x17c RTOS/tasks.o
                0x00001524                xTaskIncrementTick
 .text.xTaskResumeAll
                0x000016a0       0xec RTOS/tasks.o
                0x000016a0                xTaskResumeAll
 .text.vTaskSwitchContext
                0x0000178c       0xa8 RTOS/tasks.o
                0x0000178c                vTaskSwitchContext
 .text.vTaskPlaceOnEventList
                0x00001834       0x24 RTOS/tasks.o
                0x00001834                vTaskPlaceOnEventList
 .text.xTaskRemoveFromEventList
                0x00001858       0x90 RTOS/tasks.o
                0x00001858                xTaskRemoveFromEventList
 .text.vTaskInternalSetTimeOutState
                0x000018e8       0x16 RTOS/tasks.o
                0x000018e8                vTaskInternalSetTimeOutState
 .text.xTaskCheckForTimeOut
                0x000018fe       0x64 RTOS/tasks.o
                0x000018fe                xTaskCheckForTimeOut
 .text.vTaskMissedYield
                0x00001962        0x8 RTOS/tasks.o
                0x00001962                vTaskMissedYield
 .text.xTaskPriorityInherit
                0x0000196a       0xe4 RTOS/tasks.o
                0x0000196a                xTaskPriorityInherit
 .text.xTaskPriorityDisinherit
                0x00001a4e       0x80 RTOS/tasks.o
                0x00001a4e                xTaskPriorityDisinherit
 .text.vTaskPriorityDisinheritAfterTimeout
                0x00001ace       0xa0 RTOS/tasks.o
                0x00001ace                vTaskPriorityDisinheritAfterTimeout
 .text.pvTaskIncrementMutexHeldCount
                0x00001b6e       0x24 RTOS/tasks.o
                0x00001b6e                pvTaskIncrementMutexHeldCount
 .text.avr-libc
                0x00001b92       0x12 c:/program files (x86)/atmel/studio/7.0/toolchain/avr8/avr8-gnu-toolchain/bin/../lib/gcc/avr/5.4.0/../../../../avr/lib/avr5\libc.a(memcpy.o)
                0x00001b92                memcpy
                0x00001ba4                . = ALIGN (0x2)
 *(.fini9)
 .fini9         0x00001ba4        0x0 c:/program files (x86)/atmel/studio/7.0/toolchain/avr8/avr8-gnu-toolchain/bin/../lib/gcc/avr/5.4.0/avr5\libgcc.a(_exit.o)
                0x00001ba4                _exit
                0x00001ba4                exit
 *(.fini9)
 *(.fini8)
 *(.fini8)
 *(.fini7)
 *(.fini7)
 *(.fini6)
 *(.fini6)
 *(.fini5)
 *(.fini5)
 *(.fini4)
 *(.fini4)
 *(.fini3)
 *(.fini3)
 *(.fini2)
 *(.fini2)
 *(.fini1)
 *(.fini1)
 *(.fini0)
 .fini0         0x00001ba4        0x4 c:/program files (x86)/atmel/studio/7.0/toolchain/avr8/avr8-gnu-toolchain/bin/../lib/gcc/avr/5.4.0/avr5\libgcc.a(_exit.o)
 *(.fini0)
                0x00001ba8                _etext = .

.data           0x00800060        0xc load address 0x00001ba8
                0x00800060                PROVIDE (__data_start, .)
 *(.data)
 *(.data*)
 .data.uxTopUsedPriority
                0x00800060        0x1 RTOS/tasks.o
                0x00800060                uxTopUsedPriority
 *(.gnu.linkonce.d*)
 *(.rodata)
 *(.rodata*)
 .rodata.str1.1
                0x00800061        0x5 main.o
 .rodata.str1.1
                0x00800066        0x5 RTOS/tasks.o
 *(.gnu.linkonce.r*)
                0x0080006c                . = ALIGN (0x2)
 *fill*         0x0080006b        0x1 
                0x0080006c                _edata = .
                0x0080006c                PROVIDE (__data_end, .)

.bss            0x0080006c      0x64e
                0x0080006c                PROVIDE (__bss_start, .)
 *(.bss)
 *(.bss*)
 .bss.xBlockAllocatedBit
                0x0080006c        0x2 RTOS/heap_4.o
 .bss.xNumberOfSuccessfulFrees
                0x0080006e        0x2 RTOS/heap_4.o
 .bss.xNumberOfSuccessfulAllocations
                0x00800070        0x2 RTOS/heap_4.o
 .bss.xMinimumEverFreeBytesRemaining
                0x00800072        0x2 RTOS/heap_4.o
 .bss.xFreeBytesRemaining
                0x00800074        0x2 RTOS/heap_4.o
 .bss.pxEnd     0x00800076        0x2 RTOS/heap_4.o
 .bss.xStart    0x00800078        0x4 RTOS/heap_4.o
 .bss.ucHeap    0x0080007c      0x5dc RTOS/heap_4.o
 .bss.uxSchedulerSuspended
                0x00800658        0x1 RTOS/tasks.o
 .bss.xIdleTaskHandle
                0x00800659        0x2 RTOS/tasks.o
 .bss.xNextTaskUnblockTime
                0x0080065b        0x2 RTOS/tasks.o
 .bss.uxTaskNumber
                0x0080065d        0x1 RTOS/tasks.o
 .bss.xNumOfOverflows
                0x0080065e        0x1 RTOS/tasks.o
 .bss.xYieldPending
                0x0080065f        0x1 RTOS/tasks.o
 .bss.xPendedTicks
                0x00800660        0x2 RTOS/tasks.o
 .bss.xSchedulerRunning
                0x00800662        0x1 RTOS/tasks.o
 .bss.uxTopReadyPriority
                0x00800663        0x1 RTOS/tasks.o
 .bss.xTickCount
                0x00800664        0x2 RTOS/tasks.o
 .bss.uxCurrentNumberOfTasks
                0x00800666        0x1 RTOS/tasks.o
 .bss.uxDeletedTasksWaitingCleanUp
                0x00800667        0x1 RTOS/tasks.o
 .bss.xTasksWaitingTermination
                0x00800668        0x9 RTOS/tasks.o
 .bss.xPendingReadyList
                0x00800671        0x9 RTOS/tasks.o
 .bss.pxOverflowDelayedTaskList
                0x0080067a        0x2 RTOS/tasks.o
 .bss.pxDelayedTaskList
                0x0080067c        0x2 RTOS/tasks.o
 .bss.xDelayedTaskList2
                0x0080067e        0x9 RTOS/tasks.o
 .bss.xDelayedTaskList1
                0x00800687        0x9 RTOS/tasks.o
 .bss.pxReadyTasksLists
                0x00800690       0x24 RTOS/tasks.o
 .bss.pxCurrentTCB
                0x008006b4        0x2 RTOS/tasks.o
                0x008006b4                pxCurrentTCB
 *(COMMON)
 COMMON         0x008006b6        0x4 main.o
                0x008006b6                PB_SEM
                0x008006b8                init_Handle
                0x008006ba                PROVIDE (__bss_end, .)
                0x00001ba8                __data_load_start = LOADADDR (.data)
                0x00001bb4                __data_load_end = (__data_load_start + SIZEOF (.data))

.noinit         0x008006ba        0x0
                [!provide]                PROVIDE (__noinit_start, .)
 *(.noinit*)
                [!provide]                PROVIDE (__noinit_end, .)
                0x008006ba                _end = .
                [!provide]                PROVIDE (__heap_start, .)

.eeprom         0x00810000        0x0
 *(.eeprom*)
                0x00810000                __eeprom_end = .

.fuse
 *(.fuse)
 *(.lfuse)
 *(.hfuse)
 *(.efuse)

.lock
 *(.lock*)

.signature
 *(.signature*)

.user_signatures
 *(.user_signatures*)

.stab
 *(.stab)

.stabstr
 *(.stabstr)

.stab.excl
 *(.stab.excl)

.stab.exclstr
 *(.stab.exclstr)

.stab.index
 *(.stab.index)

.stab.indexstr
 *(.stab.indexstr)

.comment        0x00000000       0x30
 *(.comment)
 .comment       0x00000000       0x30 HAL/LCD/LCD.o
                                 0x31 (size before relaxing)
 .comment       0x00000030       0x31 HAL/Push Button/PB.o
 .comment       0x00000030       0x31 main.o
 .comment       0x00000030       0x31 MCAL/DIO/DIO.o
 .comment       0x00000030       0x31 RTOS/heap_4.o
 .comment       0x00000030       0x31 RTOS/list.o
 .comment       0x00000030       0x31 RTOS/port.o
 .comment       0x00000030       0x31 RTOS/queue.o
 .comment       0x00000030       0x31 RTOS/tasks.o

.note.gnu.avr.deviceinfo
                0x00000000       0x3c
 .note.gnu.avr.deviceinfo
                0x00000000       0x3c C:/Program Files (x86)/Atmel/Studio/7.0/Packs/atmel/ATmega_DFP/1.6.364/gcc/dev/atmega32/avr5/crtatmega32.o

.note.gnu.build-id
 *(.note.gnu.build-id)

.debug
 *(.debug)

.line
 *(.line)

.debug_srcinfo
 *(.debug_srcinfo)

.debug_sfnames
 *(.debug_sfnames)

.debug_aranges  0x00000000      0x478
 *(.debug_aranges)
 .debug_aranges
                0x00000000       0x60 HAL/LCD/LCD.o
 .debug_aranges
                0x00000060       0x28 HAL/Push Button/PB.o
 .debug_aranges
                0x00000088       0x38 main.o
 .debug_aranges
                0x000000c0       0x50 MCAL/DIO/DIO.o
 .debug_aranges
                0x00000110       0x58 RTOS/heap_4.o
 .debug_aranges
                0x00000168       0x40 RTOS/list.o
 .debug_aranges
                0x000001a8       0x50 RTOS/port.o
 .debug_aranges
                0x000001f8      0x108 RTOS/queue.o
 .debug_aranges
                0x00000300      0x178 RTOS/tasks.o

.debug_pubnames
 *(.debug_pubnames)

.debug_info     0x00000000     0x5076
 *(.debug_info .gnu.linkonce.wi.*)
 .debug_info    0x00000000      0x4e6 C:/Program Files (x86)/Atmel/Studio/7.0/Packs/atmel/ATmega_DFP/1.6.364/gcc/dev/atmega32/avr5/crtatmega32.o
 .debug_info    0x000004e6      0x4ce HAL/LCD/LCD.o
 .debug_info    0x000009b4      0x13f HAL/Push Button/PB.o
 .debug_info    0x00000af3      0x498 main.o
 .debug_info    0x00000f8b      0x21b MCAL/DIO/DIO.o
 .debug_info    0x000011a6      0x4b6 RTOS/heap_4.o
 .debug_info    0x0000165c      0x2d8 RTOS/list.o
 .debug_info    0x00001934      0x24e RTOS/port.o
 .debug_info    0x00001b82     0x199e RTOS/queue.o
 .debug_info    0x00003520     0x1b56 RTOS/tasks.o

.debug_abbrev   0x00000000     0x11e7
 *(.debug_abbrev)
 .debug_abbrev  0x00000000      0x4a3 C:/Program Files (x86)/Atmel/Studio/7.0/Packs/atmel/ATmega_DFP/1.6.364/gcc/dev/atmega32/avr5/crtatmega32.o
 .debug_abbrev  0x000004a3      0x173 HAL/LCD/LCD.o
 .debug_abbrev  0x00000616       0xb6 HAL/Push Button/PB.o
 .debug_abbrev  0x000006cc      0x184 main.o
 .debug_abbrev  0x00000850       0xb6 MCAL/DIO/DIO.o
 .debug_abbrev  0x00000906      0x1e4 RTOS/heap_4.o
 .debug_abbrev  0x00000aea       0xff RTOS/list.o
 .debug_abbrev  0x00000be9      0x143 RTOS/port.o
 .debug_abbrev  0x00000d2c      0x227 RTOS/queue.o
 .debug_abbrev  0x00000f53      0x294 RTOS/tasks.o

.debug_line     0x00000000     0x2fb5
 *(.debug_line .debug_line.* .debug_line_end)
 .debug_line    0x00000000      0x116 C:/Program Files (x86)/Atmel/Studio/7.0/Packs/atmel/ATmega_DFP/1.6.364/gcc/dev/atmega32/avr5/crtatmega32.o
 .debug_line    0x00000116      0x314 HAL/LCD/LCD.o
 .debug_line    0x0000042a       0xcd HAL/Push Button/PB.o
 .debug_line    0x000004f7      0x254 main.o
 .debug_line    0x0000074b      0x2d6 MCAL/DIO/DIO.o
 .debug_line    0x00000a21      0x40b RTOS/heap_4.o
 .debug_line    0x00000e2c      0x1d3 RTOS/list.o
 .debug_line    0x00000fff      0x2a0 RTOS/port.o
 .debug_line    0x0000129f      0xcfd RTOS/queue.o
 .debug_line    0x00001f9c     0x1019 RTOS/tasks.o

.debug_frame    0x00000000      0xd84
 *(.debug_frame)
 .debug_frame   0x00000000       0xc8 HAL/LCD/LCD.o
 .debug_frame   0x000000c8       0x34 HAL/Push Button/PB.o
 .debug_frame   0x000000fc       0x64 main.o
 .debug_frame   0x00000160       0x84 MCAL/DIO/DIO.o
 .debug_frame   0x000001e4       0xfc RTOS/heap_4.o
 .debug_frame   0x000002e0       0x88 RTOS/list.o
 .debug_frame   0x00000368       0x84 RTOS/port.o
 .debug_frame   0x000003ec      0x3cc RTOS/queue.o
 .debug_frame   0x000007b8      0x5cc RTOS/tasks.o

.debug_str      0x00000000     0x1957
 *(.debug_str)
 .debug_str     0x00000000      0x196 C:/Program Files (x86)/Atmel/Studio/7.0/Packs/atmel/ATmega_DFP/1.6.364/gcc/dev/atmega32/avr5/crtatmega32.o
 .debug_str     0x00000196      0x254 HAL/LCD/LCD.o
                                0x293 (size before relaxing)
 .debug_str     0x000003ea       0x61 HAL/Push Button/PB.o
                                0x1b6 (size before relaxing)
 .debug_str     0x0000044b      0x132 main.o
                                0x327 (size before relaxing)
 .debug_str     0x0000057d       0x46 MCAL/DIO/DIO.o
                                0x20a (size before relaxing)
 .debug_str     0x000005c3      0x2e7 RTOS/heap_4.o
                                0x45b (size before relaxing)
 .debug_str     0x000008aa      0x12d RTOS/list.o
                                0x2a7 (size before relaxing)
 .debug_str     0x000009d7      0x11b RTOS/port.o
                                0x2a0 (size before relaxing)
 .debug_str     0x00000af2      0x63b RTOS/queue.o
                                0x975 (size before relaxing)
 .debug_str     0x0000112d      0x82a RTOS/tasks.o
                                0xd44 (size before relaxing)

.debug_loc      0x00000000     0x520a
 *(.debug_loc)
 .debug_loc     0x00000000      0x2c1 HAL/LCD/LCD.o
 .debug_loc     0x000002c1       0x84 HAL/Push Button/PB.o
 .debug_loc     0x00000345       0xaa main.o
 .debug_loc     0x000003ef      0x483 MCAL/DIO/DIO.o
 .debug_loc     0x00000872      0x4be RTOS/heap_4.o
 .debug_loc     0x00000d30      0x145 RTOS/list.o
 .debug_loc     0x00000e75      0x29f RTOS/port.o
 .debug_loc     0x00001114     0x2039 RTOS/queue.o
 .debug_loc     0x0000314d     0x20bd RTOS/tasks.o

.debug_macinfo
 *(.debug_macinfo)

.debug_weaknames
 *(.debug_weaknames)

.debug_funcnames
 *(.debug_funcnames)

.debug_typenames
 *(.debug_typenames)

.debug_varnames
 *(.debug_varnames)

.debug_pubtypes
 *(.debug_pubtypes)

.debug_ranges   0x00000000      0x470
 *(.debug_ranges)
 .debug_ranges  0x00000000       0x50 HAL/LCD/LCD.o
 .debug_ranges  0x00000050       0x18 HAL/Push Button/PB.o
 .debug_ranges  0x00000068       0x28 main.o
 .debug_ranges  0x00000090       0x40 MCAL/DIO/DIO.o
 .debug_ranges  0x000000d0       0x48 RTOS/heap_4.o
 .debug_ranges  0x00000118       0x30 RTOS/list.o
 .debug_ranges  0x00000148       0x40 RTOS/port.o
 .debug_ranges  0x00000188      0x140 RTOS/queue.o
 .debug_ranges  0x000002c8      0x1a8 RTOS/tasks.o

.debug_macro
 *(.debug_macro)
OUTPUT(lab2.elf elf32-avr)
LOAD linker stubs
